<html>
<body>
<pre>
<h1>µVision Build Log</h1>
<h2>Project:</h2>
F:\College\Junior\2nd_Term\Embedded\Project\LCDy_UARTx_GPS_x_mainx\LCDy_UARTx_GPS_x_mainx.uvproj
Project File Date:  05/06/2025

<h2>Output:</h2>
Build target 'Target 1'
compiling UART.c...
linking...
Program Size: Code=1208 RO-data=636 RW-data=0 ZI-data=512  
After Build - User command #1: fromelf.exe --bin LCDy_UARTx_GPS_x_mainx.axf --output LCDy_UARTx_GPS_x_mainx.bin
".\LCDy_UARTx_GPS_x_mainx.axf" - 0 Error(s), 0 Warning(s).
</pre>
</body>
</html>
